---
source: generator/tests/snapshot_tests.rs
expression: output
---
import { getTypeOrigin } from '../../_envs'
import {
  PhantomReified,
  Reified,
  StructClass,
  ToField,
  ToTypeArgument,
  ToTypeStr,
  TypeArgument,
  assertFieldsWithTypesArgsMatch,
  assertReifiedTypeArgsMatch,
  decodeFromFields,
  decodeFromFieldsWithTypes,
  decodeFromJSONField,
  extractType,
  fieldToJSON,
  phantom,
  toBcs
} from '../../_framework/reified'
import {
  FieldsWithTypes,
  composeSuiType,
  compressSuiType,
  parseTypeName
} from '../../_framework/util'
import { UID } from '../../sui/object/structs'
import { BcsType, bcs } from '@mysten/sui/bcs'
import { SuiClient, SuiObjectData, SuiParsedData } from '@mysten/sui/client'
import { fromBase64 } from '@mysten/sui/utils'

/* ============================== Dummy =============================== */

export function isDummy(type: string): boolean {
  type = compressSuiType(type)
  return type === `${getTypeOrigin('examples', 'example::ExampleStruct')}::fixture::Dummy`
}

export interface DummyFields {
  dummyField: ToField<'bool'>
}

export type DummyReified = Reified<Dummy, DummyFields>

export class Dummy implements StructClass {
  __StructClass = true as const

  static readonly $typeName = `${getTypeOrigin('examples', 'example::ExampleStruct')}::fixture::Dummy` as const
  static readonly $numTypeParams = 0
  static readonly $isPhantom = [] as const

  readonly $typeName = Dummy.$typeName
  readonly $fullTypeName: `${string}::fixture::Dummy`
  readonly $typeArgs: []
  readonly $isPhantom = Dummy.$isPhantom

  readonly dummyField: ToField<'bool'>

  private constructor(typeArgs: [], fields: DummyFields) {
    this.$fullTypeName = composeSuiType(
      Dummy.$typeName,
      ...typeArgs
    ) as `${string}::fixture::Dummy`
    this.$typeArgs = typeArgs

    this.dummyField = fields.dummyField
  }

  static reified(): DummyReified {
    const reifiedBcs = Dummy.bcs
    return {
      typeName: Dummy.$typeName,
      fullTypeName: composeSuiType(
        Dummy.$typeName,
        ...[]
      ) as `${string}::fixture::Dummy`,
      typeArgs: [] as [],
      isPhantom: Dummy.$isPhantom,
      reifiedTypeArgs: [],
      fromFields: (fields: Record<string, any>) => Dummy.fromFields(fields),
      fromFieldsWithTypes: (item: FieldsWithTypes) => Dummy.fromFieldsWithTypes(item),
      fromBcs: (data: Uint8Array) => Dummy.fromFields(reifiedBcs.parse(data)),
      bcs: reifiedBcs,
      fromJSONField: (field: any) => Dummy.fromJSONField(field),
      fromJSON: (json: Record<string, any>) => Dummy.fromJSON(json),
      fromSuiParsedData: (content: SuiParsedData) => Dummy.fromSuiParsedData(content),
      fromSuiObjectData: (content: SuiObjectData) => Dummy.fromSuiObjectData(content),
      fetch: async (client: SuiClient, id: string) => Dummy.fetch(client, id),
      new: (fields: DummyFields) => {
        return new Dummy([], fields)
      },
      kind: 'StructClassReified',
    }
  }

  static get r() {
    return Dummy.reified()
  }

  static phantom(): PhantomReified<ToTypeStr<Dummy>> {
    return phantom(Dummy.reified())
  }

  static get p() {
    return Dummy.phantom()
  }

  private static instantiateBcs() {
    return bcs.struct('Dummy', {
      dummy_field: bcs.bool(),
    })
  }

  private static cachedBcs: ReturnType<typeof Dummy.instantiateBcs> | null = null

  static get bcs(): ReturnType<typeof Dummy.instantiateBcs> {
    if (!Dummy.cachedBcs) {
      Dummy.cachedBcs = Dummy.instantiateBcs()
    }
    return Dummy.cachedBcs
  }

  static fromFields(fields: Record<string, any>): Dummy {
    return Dummy.reified().new({
      dummyField: decodeFromFields('bool', fields.dummy_field),
    })
  }

  static fromFieldsWithTypes(item: FieldsWithTypes): Dummy {
    if (!isDummy(item.type)) {
      throw new Error('not a Dummy type')
    }

    return Dummy.reified().new({
      dummyField: decodeFromFieldsWithTypes('bool', item.fields.dummy_field),
    })
  }

  static fromBcs(data: Uint8Array): Dummy {
    return Dummy.fromFields(Dummy.bcs.parse(data))
  }

  toJSONField() {
    return {
      dummyField: this.dummyField,
    }
  }

  toJSON() {
    return { $typeName: this.$typeName, $typeArgs: this.$typeArgs, ...this.toJSONField() }
  }

  static fromJSONField(field: any): Dummy {
    return Dummy.reified().new({
      dummyField: decodeFromJSONField('bool', field.dummyField),
    })
  }

  static fromJSON(json: Record<string, any>): Dummy {
    if (json.$typeName !== Dummy.$typeName) {
      throw new Error(`not a Dummy json object: expected '${Dummy.$typeName}' but got '${json.$typeName}'`)
    }

    return Dummy.fromJSONField(json)
  }

  static fromSuiParsedData(content: SuiParsedData): Dummy {
    if (content.dataType !== 'moveObject') {
      throw new Error('not an object')
    }
    if (!isDummy(content.type)) {
      throw new Error(`object at ${(content.fields as any).id} is not a Dummy object`)
    }
    return Dummy.fromFieldsWithTypes(content)
  }

  static fromSuiObjectData(data: SuiObjectData): Dummy {
    if (data.bcs) {
      if (data.bcs.dataType !== 'moveObject' || !isDummy(data.bcs.type)) {
        throw new Error(`object at is not a Dummy object`)
      }

      return Dummy.fromBcs(fromBase64(data.bcs.bcsBytes))
    }
    if (data.content) {
      return Dummy.fromSuiParsedData(data.content)
    }
    throw new Error(
      'Both `bcs` and `content` fields are missing from the data. Include `showBcs` or `showContent` in the request.'
    )
  }

  static async fetch(client: SuiClient, id: string): Promise<Dummy> {
    const res = await client.getObject({ id, options: { showBcs: true } })
    if (res.error) {
      throw new Error(`error fetching Dummy object at id ${id}: ${res.error.code}`)
    }
    if (res.data?.bcs?.dataType !== 'moveObject' || !isDummy(res.data.bcs.type)) {
      throw new Error(`object at id ${id} is not a Dummy object`)
    }

    return Dummy.fromSuiObjectData(res.data)
  }
}

/* ============================== Bar =============================== */

export function isBar(type: string): boolean {
  type = compressSuiType(type)
  return type === `${getTypeOrigin('examples', 'example::ExampleStruct')}::fixture::Bar`
}

export interface BarFields {
  value: ToField<'u64'>
}

export type BarReified = Reified<Bar, BarFields>

export class Bar implements StructClass {
  __StructClass = true as const

  static readonly $typeName = `${getTypeOrigin('examples', 'example::ExampleStruct')}::fixture::Bar` as const
  static readonly $numTypeParams = 0
  static readonly $isPhantom = [] as const

  readonly $typeName = Bar.$typeName
  readonly $fullTypeName: `${string}::fixture::Bar`
  readonly $typeArgs: []
  readonly $isPhantom = Bar.$isPhantom

  readonly value: ToField<'u64'>

  private constructor(typeArgs: [], fields: BarFields) {
    this.$fullTypeName = composeSuiType(
      Bar.$typeName,
      ...typeArgs
    ) as `${string}::fixture::Bar`
    this.$typeArgs = typeArgs

    this.value = fields.value
  }

  static reified(): BarReified {
    const reifiedBcs = Bar.bcs
    return {
      typeName: Bar.$typeName,
      fullTypeName: composeSuiType(
        Bar.$typeName,
        ...[]
      ) as `${string}::fixture::Bar`,
      typeArgs: [] as [],
      isPhantom: Bar.$isPhantom,
      reifiedTypeArgs: [],
      fromFields: (fields: Record<string, any>) => Bar.fromFields(fields),
      fromFieldsWithTypes: (item: FieldsWithTypes) => Bar.fromFieldsWithTypes(item),
      fromBcs: (data: Uint8Array) => Bar.fromFields(reifiedBcs.parse(data)),
      bcs: reifiedBcs,
      fromJSONField: (field: any) => Bar.fromJSONField(field),
      fromJSON: (json: Record<string, any>) => Bar.fromJSON(json),
      fromSuiParsedData: (content: SuiParsedData) => Bar.fromSuiParsedData(content),
      fromSuiObjectData: (content: SuiObjectData) => Bar.fromSuiObjectData(content),
      fetch: async (client: SuiClient, id: string) => Bar.fetch(client, id),
      new: (fields: BarFields) => {
        return new Bar([], fields)
      },
      kind: 'StructClassReified',
    }
  }

  static get r() {
    return Bar.reified()
  }

  static phantom(): PhantomReified<ToTypeStr<Bar>> {
    return phantom(Bar.reified())
  }

  static get p() {
    return Bar.phantom()
  }

  private static instantiateBcs() {
    return bcs.struct('Bar', {
      value: bcs.u64(),
    })
  }

  private static cachedBcs: ReturnType<typeof Bar.instantiateBcs> | null = null

  static get bcs(): ReturnType<typeof Bar.instantiateBcs> {
    if (!Bar.cachedBcs) {
      Bar.cachedBcs = Bar.instantiateBcs()
    }
    return Bar.cachedBcs
  }

  static fromFields(fields: Record<string, any>): Bar {
    return Bar.reified().new({
      value: decodeFromFields('u64', fields.value),
    })
  }

  static fromFieldsWithTypes(item: FieldsWithTypes): Bar {
    if (!isBar(item.type)) {
      throw new Error('not a Bar type')
    }

    return Bar.reified().new({
      value: decodeFromFieldsWithTypes('u64', item.fields.value),
    })
  }

  static fromBcs(data: Uint8Array): Bar {
    return Bar.fromFields(Bar.bcs.parse(data))
  }

  toJSONField() {
    return {
      value: this.value.toString(),
    }
  }

  toJSON() {
    return { $typeName: this.$typeName, $typeArgs: this.$typeArgs, ...this.toJSONField() }
  }

  static fromJSONField(field: any): Bar {
    return Bar.reified().new({
      value: decodeFromJSONField('u64', field.value),
    })
  }

  static fromJSON(json: Record<string, any>): Bar {
    if (json.$typeName !== Bar.$typeName) {
      throw new Error(`not a Bar json object: expected '${Bar.$typeName}' but got '${json.$typeName}'`)
    }

    return Bar.fromJSONField(json)
  }

  static fromSuiParsedData(content: SuiParsedData): Bar {
    if (content.dataType !== 'moveObject') {
      throw new Error('not an object')
    }
    if (!isBar(content.type)) {
      throw new Error(`object at ${(content.fields as any).id} is not a Bar object`)
    }
    return Bar.fromFieldsWithTypes(content)
  }

  static fromSuiObjectData(data: SuiObjectData): Bar {
    if (data.bcs) {
      if (data.bcs.dataType !== 'moveObject' || !isBar(data.bcs.type)) {
        throw new Error(`object at is not a Bar object`)
      }

      return Bar.fromBcs(fromBase64(data.bcs.bcsBytes))
    }
    if (data.content) {
      return Bar.fromSuiParsedData(data.content)
    }
    throw new Error(
      'Both `bcs` and `content` fields are missing from the data. Include `showBcs` or `showContent` in the request.'
    )
  }

  static async fetch(client: SuiClient, id: string): Promise<Bar> {
    const res = await client.getObject({ id, options: { showBcs: true } })
    if (res.error) {
      throw new Error(`error fetching Bar object at id ${id}: ${res.error.code}`)
    }
    if (res.data?.bcs?.dataType !== 'moveObject' || !isBar(res.data.bcs.type)) {
      throw new Error(`object at id ${id} is not a Bar object`)
    }

    return Bar.fromSuiObjectData(res.data)
  }
}

/* ============================== WithGenericField =============================== */

export function isWithGenericField(type: string): boolean {
  type = compressSuiType(type)
  return type.startsWith(`${getTypeOrigin('examples', 'example::ExampleStruct')}::fixture::WithGenericField` + '<')
}

export interface WithGenericFieldFields<T extends TypeArgument> {
  id: ToField<UID>
  genericField: ToField<T>
}

export type WithGenericFieldReified<T extends TypeArgument> = Reified<WithGenericField<T>, WithGenericFieldFields<T>>

export class WithGenericField<T extends TypeArgument> implements StructClass {
  __StructClass = true as const

  static readonly $typeName = `${getTypeOrigin('examples', 'example::ExampleStruct')}::fixture::WithGenericField` as const
  static readonly $numTypeParams = 1
  static readonly $isPhantom = [false] as const

  readonly $typeName = WithGenericField.$typeName
  readonly $fullTypeName: `${string}::fixture::WithGenericField<${ToTypeStr<T>}>`
  readonly $typeArgs: [ToTypeStr<T>]
  readonly $isPhantom = WithGenericField.$isPhantom

  readonly id: ToField<UID>
  readonly genericField: ToField<T>

  private constructor(typeArgs: [ToTypeStr<T>], fields: WithGenericFieldFields<T>) {
    this.$fullTypeName = composeSuiType(
      WithGenericField.$typeName,
      ...typeArgs
    ) as `${string}::fixture::WithGenericField<${ToTypeStr<T>}>`
    this.$typeArgs = typeArgs

    this.id = fields.id
    this.genericField = fields.genericField
  }

  static reified<T extends Reified<TypeArgument, any>>(
    T: T
  ): WithGenericFieldReified<ToTypeArgument<T>> {
    const reifiedBcs = WithGenericField.bcs(toBcs(T))
    return {
      typeName: WithGenericField.$typeName,
      fullTypeName: composeSuiType(
        WithGenericField.$typeName,
        ...[extractType(T)]
      ) as `${string}::fixture::WithGenericField<${ToTypeStr<ToTypeArgument<T>>}>`,
      typeArgs: [extractType(T)] as [ToTypeStr<ToTypeArgument<T>>],
      isPhantom: WithGenericField.$isPhantom,
      reifiedTypeArgs: [T],
      fromFields: (fields: Record<string, any>) => WithGenericField.fromFields(T, fields),
      fromFieldsWithTypes: (item: FieldsWithTypes) => WithGenericField.fromFieldsWithTypes(T, item),
      fromBcs: (data: Uint8Array) => WithGenericField.fromFields(T, reifiedBcs.parse(data)),
      bcs: reifiedBcs,
      fromJSONField: (field: any) => WithGenericField.fromJSONField(T, field),
      fromJSON: (json: Record<string, any>) => WithGenericField.fromJSON(T, json),
      fromSuiParsedData: (content: SuiParsedData) => WithGenericField.fromSuiParsedData(T, content),
      fromSuiObjectData: (content: SuiObjectData) => WithGenericField.fromSuiObjectData(T, content),
      fetch: async (client: SuiClient, id: string) => WithGenericField.fetch(client, T, id),
      new: (fields: WithGenericFieldFields<ToTypeArgument<T>>) => {
        return new WithGenericField([extractType(T)], fields)
      },
      kind: 'StructClassReified',
    }
  }

  static get r() {
    return WithGenericField.reified
  }

  static phantom<T extends Reified<TypeArgument, any>>(
    T: T
  ): PhantomReified<ToTypeStr<WithGenericField<ToTypeArgument<T>>>> {
    return phantom(WithGenericField.reified(T))
  }

  static get p() {
    return WithGenericField.phantom
  }

  private static instantiateBcs() {
    return <T extends BcsType<any>>(T: T) =>
      bcs.struct(`WithGenericField<${T.name}>`, {
      id: UID.bcs,
      generic_field: T,
      })
  }

  private static cachedBcs: ReturnType<typeof WithGenericField.instantiateBcs> | null = null

  static get bcs(): ReturnType<typeof WithGenericField.instantiateBcs> {
    if (!WithGenericField.cachedBcs) {
      WithGenericField.cachedBcs = WithGenericField.instantiateBcs()
    }
    return WithGenericField.cachedBcs
  }

  static fromFields<T extends Reified<TypeArgument, any>>(
    typeArg: T,
    fields: Record<string, any>
  ): WithGenericField<ToTypeArgument<T>> {
    return WithGenericField.reified(typeArg).new({
      id: decodeFromFields(UID.reified(), fields.id),
      genericField: decodeFromFields(typeArg, fields.generic_field),
    })
  }

  static fromFieldsWithTypes<T extends Reified<TypeArgument, any>>(
    typeArg: T,
    item: FieldsWithTypes
  ): WithGenericField<ToTypeArgument<T>> {
    if (!isWithGenericField(item.type)) {
      throw new Error('not a WithGenericField type')
    }
    assertFieldsWithTypesArgsMatch(item, [typeArg])

    return WithGenericField.reified(typeArg).new({
      id: decodeFromFieldsWithTypes(UID.reified(), item.fields.id),
      genericField: decodeFromFieldsWithTypes(typeArg, item.fields.generic_field),
    })
  }

  static fromBcs<T extends Reified<TypeArgument, any>>(
    typeArg: T,
    data: Uint8Array
  ): WithGenericField<ToTypeArgument<T>> {
    const typeArgs = [typeArg]
                return WithGenericField.fromFields(typeArg, WithGenericField.bcs(toBcs(typeArg)).parse(data))
  }

  toJSONField() {
    return {
      id: this.id,
      genericField: fieldToJSON<T>(`${this.$typeArgs[0]}`, this.genericField),
    }
  }

  toJSON() {
    return { $typeName: this.$typeName, $typeArgs: this.$typeArgs, ...this.toJSONField() }
  }

  static fromJSONField<T extends Reified<TypeArgument, any>>(
    typeArg: T,
    field: any
  ): WithGenericField<ToTypeArgument<T>> {
    return WithGenericField.reified(typeArg).new({
      id: decodeFromJSONField(UID.reified(), field.id),
      genericField: decodeFromJSONField(typeArg, field.genericField),
    })
  }

  static fromJSON<T extends Reified<TypeArgument, any>>(
    typeArg: T,
    json: Record<string, any>
  ): WithGenericField<ToTypeArgument<T>> {
    if (json.$typeName !== WithGenericField.$typeName) {
      throw new Error(`not a WithGenericField json object: expected '${WithGenericField.$typeName}' but got '${json.$typeName}'`)
    }
    assertReifiedTypeArgsMatch(
      composeSuiType(WithGenericField.$typeName, ...[extractType(typeArg)]),
      json.$typeArgs,
      [typeArg]
    )

    return WithGenericField.fromJSONField(typeArg, json)
  }

  static fromSuiParsedData<T extends Reified<TypeArgument, any>>(
    typeArg: T,
    content: SuiParsedData
  ): WithGenericField<ToTypeArgument<T>> {
    if (content.dataType !== 'moveObject') {
      throw new Error('not an object')
    }
    if (!isWithGenericField(content.type)) {
      throw new Error(`object at ${(content.fields as any).id} is not a WithGenericField object`)
    }
    return WithGenericField.fromFieldsWithTypes(typeArg, content)
  }

  static fromSuiObjectData<T extends Reified<TypeArgument, any>>(
    typeArg: T,
    data: SuiObjectData
  ): WithGenericField<ToTypeArgument<T>> {
    if (data.bcs) {
      if (data.bcs.dataType !== 'moveObject' || !isWithGenericField(data.bcs.type)) {
        throw new Error(`object at is not a WithGenericField object`)
      }

      const gotTypeArgs = parseTypeName(data.bcs.type).typeArgs
      if (gotTypeArgs.length !== 1) {
        throw new Error(
          `type argument mismatch: expected 1 type arguments but got '${gotTypeArgs.length}'`
        )
      }
      for (let i = 0; i < 1; i++) {
        const gotTypeArg = compressSuiType(gotTypeArgs[i])
        const expectedTypeArg = compressSuiType(extractType([typeArg][i]))
        if (gotTypeArg !== expectedTypeArg) {
          throw new Error(
            `type argument mismatch at position ${i}: expected '${expectedTypeArg}' but got '${gotTypeArg}'`
          )
        }
      }

      return WithGenericField.fromBcs(typeArg, fromBase64(data.bcs.bcsBytes))
    }
    if (data.content) {
      return WithGenericField.fromSuiParsedData(typeArg, data.content)
    }
    throw new Error(
      'Both `bcs` and `content` fields are missing from the data. Include `showBcs` or `showContent` in the request.'
    )
  }

  static async fetch<T extends Reified<TypeArgument, any>>(
    client: SuiClient,
    typeArg: T,
    id: string
  ): Promise<WithGenericField<ToTypeArgument<T>>> {
    const res = await client.getObject({ id, options: { showBcs: true } })
    if (res.error) {
      throw new Error(`error fetching WithGenericField object at id ${id}: ${res.error.code}`)
    }
    if (res.data?.bcs?.dataType !== 'moveObject' || !isWithGenericField(res.data.bcs.type)) {
      throw new Error(`object at id ${id} is not a WithGenericField object`)
    }

    return WithGenericField.fromSuiObjectData(typeArg, res.data)
  }
}

/* ============================== WithTwoGenerics =============================== */

export function isWithTwoGenerics(type: string): boolean {
  type = compressSuiType(type)
  return type.startsWith(`${getTypeOrigin('examples', 'example::ExampleStruct')}::fixture::WithTwoGenerics` + '<')
}

export interface WithTwoGenericsFields<T extends TypeArgument, U extends TypeArgument> {
  genericField1: ToField<T>
  genericField2: ToField<U>
}

export type WithTwoGenericsReified<T extends TypeArgument, U extends TypeArgument> = Reified<WithTwoGenerics<T, U>, WithTwoGenericsFields<T, U>>

export class WithTwoGenerics<T extends TypeArgument, U extends TypeArgument> implements StructClass {
  __StructClass = true as const

  static readonly $typeName = `${getTypeOrigin('examples', 'example::ExampleStruct')}::fixture::WithTwoGenerics` as const
  static readonly $numTypeParams = 2
  static readonly $isPhantom = [false, false] as const

  readonly $typeName = WithTwoGenerics.$typeName
  readonly $fullTypeName: `${string}::fixture::WithTwoGenerics<${ToTypeStr<T>}, ${ToTypeStr<U>}>`
  readonly $typeArgs: [ToTypeStr<T>, ToTypeStr<U>]
  readonly $isPhantom = WithTwoGenerics.$isPhantom

  readonly genericField1: ToField<T>
  readonly genericField2: ToField<U>

  private constructor(typeArgs: [ToTypeStr<T>, ToTypeStr<U>], fields: WithTwoGenericsFields<T, U>) {
    this.$fullTypeName = composeSuiType(
      WithTwoGenerics.$typeName,
      ...typeArgs
    ) as `${string}::fixture::WithTwoGenerics<${ToTypeStr<T>}, ${ToTypeStr<U>}>`
    this.$typeArgs = typeArgs

    this.genericField1 = fields.genericField1
    this.genericField2 = fields.genericField2
  }

  static reified<T extends Reified<TypeArgument, any>, U extends Reified<TypeArgument, any>>(
    T: T, U: U
  ): WithTwoGenericsReified<ToTypeArgument<T>, ToTypeArgument<U>> {
    const reifiedBcs = WithTwoGenerics.bcs(toBcs(T), toBcs(U))
    return {
      typeName: WithTwoGenerics.$typeName,
      fullTypeName: composeSuiType(
        WithTwoGenerics.$typeName,
        ...[extractType(T), extractType(U)]
      ) as `${string}::fixture::WithTwoGenerics<${ToTypeStr<ToTypeArgument<T>>}, ${ToTypeStr<ToTypeArgument<U>>}>`,
      typeArgs: [extractType(T), extractType(U)] as [ToTypeStr<ToTypeArgument<T>>, ToTypeStr<ToTypeArgument<U>>],
      isPhantom: WithTwoGenerics.$isPhantom,
      reifiedTypeArgs: [T, U],
      fromFields: (fields: Record<string, any>) => WithTwoGenerics.fromFields([T, U], fields),
      fromFieldsWithTypes: (item: FieldsWithTypes) => WithTwoGenerics.fromFieldsWithTypes([T, U], item),
      fromBcs: (data: Uint8Array) => WithTwoGenerics.fromFields([T, U], reifiedBcs.parse(data)),
      bcs: reifiedBcs,
      fromJSONField: (field: any) => WithTwoGenerics.fromJSONField([T, U], field),
      fromJSON: (json: Record<string, any>) => WithTwoGenerics.fromJSON([T, U], json),
      fromSuiParsedData: (content: SuiParsedData) => WithTwoGenerics.fromSuiParsedData([T, U], content),
      fromSuiObjectData: (content: SuiObjectData) => WithTwoGenerics.fromSuiObjectData([T, U], content),
      fetch: async (client: SuiClient, id: string) => WithTwoGenerics.fetch(client, [T, U], id),
      new: (fields: WithTwoGenericsFields<ToTypeArgument<T>, ToTypeArgument<U>>) => {
        return new WithTwoGenerics([extractType(T), extractType(U)], fields)
      },
      kind: 'StructClassReified',
    }
  }

  static get r() {
    return WithTwoGenerics.reified
  }

  static phantom<T extends Reified<TypeArgument, any>, U extends Reified<TypeArgument, any>>(
    T: T, U: U
  ): PhantomReified<ToTypeStr<WithTwoGenerics<ToTypeArgument<T>, ToTypeArgument<U>>>> {
    return phantom(WithTwoGenerics.reified(T, U))
  }

  static get p() {
    return WithTwoGenerics.phantom
  }

  private static instantiateBcs() {
    return <T extends BcsType<any>, U extends BcsType<any>>(T: T, U: U) =>
      bcs.struct(`WithTwoGenerics<${T.name}, ${U.name}>`, {
      generic_field_1: T,
      generic_field_2: U,
      })
  }

  private static cachedBcs: ReturnType<typeof WithTwoGenerics.instantiateBcs> | null = null

  static get bcs(): ReturnType<typeof WithTwoGenerics.instantiateBcs> {
    if (!WithTwoGenerics.cachedBcs) {
      WithTwoGenerics.cachedBcs = WithTwoGenerics.instantiateBcs()
    }
    return WithTwoGenerics.cachedBcs
  }

  static fromFields<T extends Reified<TypeArgument, any>, U extends Reified<TypeArgument, any>>(
    typeArgs: [T, U],
    fields: Record<string, any>
  ): WithTwoGenerics<ToTypeArgument<T>, ToTypeArgument<U>> {
    return WithTwoGenerics.reified(typeArgs[0], typeArgs[1]).new({
      genericField1: decodeFromFields(typeArgs[0], fields.generic_field_1),
      genericField2: decodeFromFields(typeArgs[1], fields.generic_field_2),
    })
  }

  static fromFieldsWithTypes<T extends Reified<TypeArgument, any>, U extends Reified<TypeArgument, any>>(
    typeArgs: [T, U],
    item: FieldsWithTypes
  ): WithTwoGenerics<ToTypeArgument<T>, ToTypeArgument<U>> {
    if (!isWithTwoGenerics(item.type)) {
      throw new Error('not a WithTwoGenerics type')
    }
    assertFieldsWithTypesArgsMatch(item, typeArgs)

    return WithTwoGenerics.reified(typeArgs[0], typeArgs[1]).new({
      genericField1: decodeFromFieldsWithTypes(typeArgs[0], item.fields.generic_field_1),
      genericField2: decodeFromFieldsWithTypes(typeArgs[1], item.fields.generic_field_2),
    })
  }

  static fromBcs<T extends Reified<TypeArgument, any>, U extends Reified<TypeArgument, any>>(
    typeArgs: [T, U],
    data: Uint8Array
  ): WithTwoGenerics<ToTypeArgument<T>, ToTypeArgument<U>> {
    return WithTwoGenerics.fromFields(typeArgs, WithTwoGenerics.bcs(toBcs(typeArgs[0]), toBcs(typeArgs[1])).parse(data))
  }

  toJSONField() {
    return {
      genericField1: fieldToJSON<T>(`${this.$typeArgs[0]}`, this.genericField1),
      genericField2: fieldToJSON<U>(`${this.$typeArgs[1]}`, this.genericField2),
    }
  }

  toJSON() {
    return { $typeName: this.$typeName, $typeArgs: this.$typeArgs, ...this.toJSONField() }
  }

  static fromJSONField<T extends Reified<TypeArgument, any>, U extends Reified<TypeArgument, any>>(
    typeArgs: [T, U],
    field: any
  ): WithTwoGenerics<ToTypeArgument<T>, ToTypeArgument<U>> {
    return WithTwoGenerics.reified(typeArgs[0], typeArgs[1]).new({
      genericField1: decodeFromJSONField(typeArgs[0], field.genericField1),
      genericField2: decodeFromJSONField(typeArgs[1], field.genericField2),
    })
  }

  static fromJSON<T extends Reified<TypeArgument, any>, U extends Reified<TypeArgument, any>>(
    typeArgs: [T, U],
    json: Record<string, any>
  ): WithTwoGenerics<ToTypeArgument<T>, ToTypeArgument<U>> {
    if (json.$typeName !== WithTwoGenerics.$typeName) {
      throw new Error(`not a WithTwoGenerics json object: expected '${WithTwoGenerics.$typeName}' but got '${json.$typeName}'`)
    }
    assertReifiedTypeArgsMatch(
      composeSuiType(WithTwoGenerics.$typeName, ...typeArgs.map(extractType)),
      json.$typeArgs,
      typeArgs
    )

    return WithTwoGenerics.fromJSONField(typeArgs, json)
  }

  static fromSuiParsedData<T extends Reified<TypeArgument, any>, U extends Reified<TypeArgument, any>>(
    typeArgs: [T, U],
    content: SuiParsedData
  ): WithTwoGenerics<ToTypeArgument<T>, ToTypeArgument<U>> {
    if (content.dataType !== 'moveObject') {
      throw new Error('not an object')
    }
    if (!isWithTwoGenerics(content.type)) {
      throw new Error(`object at ${(content.fields as any).id} is not a WithTwoGenerics object`)
    }
    return WithTwoGenerics.fromFieldsWithTypes(typeArgs, content)
  }

  static fromSuiObjectData<T extends Reified<TypeArgument, any>, U extends Reified<TypeArgument, any>>(
    typeArgs: [T, U],
    data: SuiObjectData
  ): WithTwoGenerics<ToTypeArgument<T>, ToTypeArgument<U>> {
    if (data.bcs) {
      if (data.bcs.dataType !== 'moveObject' || !isWithTwoGenerics(data.bcs.type)) {
        throw new Error(`object at is not a WithTwoGenerics object`)
      }

      const gotTypeArgs = parseTypeName(data.bcs.type).typeArgs
      if (gotTypeArgs.length !== 2) {
        throw new Error(
          `type argument mismatch: expected 2 type arguments but got '${gotTypeArgs.length}'`
        )
      }
      for (let i = 0; i < 2; i++) {
        const gotTypeArg = compressSuiType(gotTypeArgs[i])
        const expectedTypeArg = compressSuiType(extractType(typeArgs[i]))
        if (gotTypeArg !== expectedTypeArg) {
          throw new Error(
            `type argument mismatch at position ${i}: expected '${expectedTypeArg}' but got '${gotTypeArg}'`
          )
        }
      }

      return WithTwoGenerics.fromBcs(typeArgs, fromBase64(data.bcs.bcsBytes))
    }
    if (data.content) {
      return WithTwoGenerics.fromSuiParsedData(typeArgs, data.content)
    }
    throw new Error(
      'Both `bcs` and `content` fields are missing from the data. Include `showBcs` or `showContent` in the request.'
    )
  }

  static async fetch<T extends Reified<TypeArgument, any>, U extends Reified<TypeArgument, any>>(
    client: SuiClient,
    typeArgs: [T, U],
    id: string
  ): Promise<WithTwoGenerics<ToTypeArgument<T>, ToTypeArgument<U>>> {
    const res = await client.getObject({ id, options: { showBcs: true } })
    if (res.error) {
      throw new Error(`error fetching WithTwoGenerics object at id ${id}: ${res.error.code}`)
    }
    if (res.data?.bcs?.dataType !== 'moveObject' || !isWithTwoGenerics(res.data.bcs.type)) {
      throw new Error(`object at id ${id} is not a WithTwoGenerics object`)
    }

    return WithTwoGenerics.fromSuiObjectData(typeArgs, res.data)
  }
}
