---
source: generator/tests/snapshot_tests.rs
expression: output
---
/* ============================== Dummy =============================== */

export function isDummy(type: string): boolean {
  type = compressSuiType(type)
  return type === `${getTypeOrigin('examples', 'example::ExampleStruct')}::fixture::Dummy`
}

export interface DummyFields {
  dummyField: ToField<'bool'>
}

export type DummyReified = Reified<Dummy, DummyFields>

export class Dummy implements StructClass {
  __StructClass = true as const

  static readonly $typeName = `${getTypeOrigin('examples', 'example::ExampleStruct')}::fixture::Dummy` as const
  static readonly $numTypeParams = 0
  static readonly $isPhantom = [] as const

  readonly $typeName = Dummy.$typeName
  readonly $fullTypeName: `${string}::fixture::Dummy`
  readonly $typeArgs: []
  readonly $isPhantom = Dummy.$isPhantom

  readonly dummyField: ToField<'bool'>

  private constructor(typeArgs: [], fields: DummyFields) {
    this.$fullTypeName = composeSuiType(
      Dummy.$typeName,
      ...typeArgs
    ) as `${string}::fixture::Dummy`
    this.$typeArgs = typeArgs

    this.dummyField = fields.dummyField
  }

  static reified(): DummyReified {
    const reifiedBcs = Dummy.bcs
    return {
      typeName: Dummy.$typeName,
      fullTypeName: composeSuiType(
        Dummy.$typeName,
        ...[]
      ) as `${string}::fixture::Dummy`,
      typeArgs: [] as [],
      isPhantom: Dummy.$isPhantom,
      reifiedTypeArgs: [],
      fromFields: (fields: Record<string, any>) => Dummy.fromFields(fields),
      fromFieldsWithTypes: (item: FieldsWithTypes) => Dummy.fromFieldsWithTypes(item),
      fromBcs: (data: Uint8Array) => Dummy.fromFields(reifiedBcs.parse(data)),
      bcs: reifiedBcs,
      fromJSONField: (field: any) => Dummy.fromJSONField(field),
      fromJSON: (json: Record<string, any>) => Dummy.fromJSON(json),
      fromSuiParsedData: (content: SuiParsedData) => Dummy.fromSuiParsedData(content),
      fromSuiObjectData: (content: SuiObjectData) => Dummy.fromSuiObjectData(content),
      fetch: async (client: SupportedSuiClient, id: string) => Dummy.fetch(client, id),
      new: (fields: DummyFields) => {
        return new Dummy([], fields)
      },
      kind: 'StructClassReified',
    }
  }

  static get r() {
    return Dummy.reified()
  }

  static phantom(): PhantomReified<ToTypeStr<Dummy>> {
    return phantom(Dummy.reified())
  }

  static get p() {
    return Dummy.phantom()
  }

  private static instantiateBcs() {
    return bcs.struct('Dummy', {
      dummy_field: bcs.bool(),
    })
  }

  private static cachedBcs: ReturnType<typeof Dummy.instantiateBcs> | null = null

  static get bcs(): ReturnType<typeof Dummy.instantiateBcs> {
    if (!Dummy.cachedBcs) {
      Dummy.cachedBcs = Dummy.instantiateBcs()
    }
    return Dummy.cachedBcs
  }

  static fromFields(fields: Record<string, any>): Dummy {
    return Dummy.reified().new({
      dummyField: decodeFromFields('bool', fields.dummy_field),
    })
  }

  static fromFieldsWithTypes(item: FieldsWithTypes): Dummy {
    if (!isDummy(item.type)) {
      throw new Error('not a Dummy type')
    }

    return Dummy.reified().new({
      dummyField: decodeFromFieldsWithTypes('bool', item.fields.dummy_field),
    })
  }

  static fromBcs(data: Uint8Array): Dummy {
    return Dummy.fromFields(Dummy.bcs.parse(data))
  }

  toJSONField() {
    return {
      dummyField: this.dummyField,
    }
  }

  toJSON() {
    return { $typeName: this.$typeName, $typeArgs: this.$typeArgs, ...this.toJSONField() }
  }

  static fromJSONField(field: any): Dummy {
    return Dummy.reified().new({
      dummyField: decodeFromJSONField('bool', field.dummyField),
    })
  }

  static fromJSON(json: Record<string, any>): Dummy {
    if (json.$typeName !== Dummy.$typeName) {
      throw new Error(`not a Dummy json object: expected '${Dummy.$typeName}' but got '${json.$typeName}'`)
    }

    return Dummy.fromJSONField(json)
  }

  static fromSuiParsedData(content: SuiParsedData): Dummy {
    if (content.dataType !== 'moveObject') {
      throw new Error('not an object')
    }
    if (!isDummy(content.type)) {
      throw new Error(`object at ${(content.fields as any).id} is not a Dummy object`)
    }
    return Dummy.fromFieldsWithTypes(content)
  }

  static fromSuiObjectData(data: SuiObjectData): Dummy {
    if (data.bcs) {
      if (data.bcs.dataType !== 'moveObject' || !isDummy(data.bcs.type)) {
        throw new Error(`object at is not a Dummy object`)
      }

      return Dummy.fromBcs(fromBase64(data.bcs.bcsBytes))
    }
    if (data.content) {
      return Dummy.fromSuiParsedData(data.content)
    }
    throw new Error(
      'Both `bcs` and `content` fields are missing from the data. Include `showBcs` or `showContent` in the request.'
    )
  }

  static async fetch(client: SupportedSuiClient, id: string): Promise<Dummy> {
    const res = await fetchObjectBcs(client, id)
    if (!isDummy(res.type)) {
      throw new Error(`object at id ${id} is not a Dummy object`)
    }

    return Dummy.fromBcs(res.bcsBytes)
  }
}
