---
source: generator/tests/snapshot_tests.rs
expression: output
---
import { getTypeOrigin } from '../../_envs'
import {
  PhantomReified,
  Reified,
  StructClass,
  ToField,
  ToJSON,
  ToTypeStr,
  ToTypeStr as ToPhantom,
  decodeFromFields,
  decodeFromFieldsWithTypes,
  decodeFromJSONField,
  phantom
} from '../../_framework/reified'
import {
  FieldsWithTypes,
  SupportedSuiClient,
  composeSuiType,
  compressSuiType,
  fetchObjectBcs
} from '../../_framework/util'
import { LinkedTable } from '../../some-pkg/linked-table/structs'
import { bcs } from '@mysten/sui/bcs'
import { SuiObjectData, SuiParsedData } from '@mysten/sui/client'
import { fromBase64 } from '@mysten/sui/utils'

/* ============================== ACL =============================== */

export function isACL(type: string): boolean {
  type = compressSuiType(type)
  return type === `${getTypeOrigin('examples', 'example::ExampleStruct')}::acl::ACL`
}

export interface ACLFields {
  permissions: ToField<LinkedTable<'address', 'u128'>>
}

export type ACLReified = Reified<ACL, ACLFields>

export type ACLJSONField = {
  permissions: ToJSON<LinkedTable<'address', 'u128'>>
}

export type ACLJSON = {
  $typeName: typeof ACL.$typeName
  $typeArgs: []
} & ACLJSONField

export class ACL implements StructClass {
  __StructClass = true as const

  static readonly $typeName: `${string}::acl::ACL` = `${getTypeOrigin('examples', 'example::ExampleStruct')}::acl::ACL` as const
  static readonly $numTypeParams = 0
  static readonly $isPhantom = [] as const

  readonly $typeName: typeof ACL.$typeName = ACL.$typeName
  readonly $fullTypeName: `${string}::acl::ACL`
  readonly $typeArgs: []
  readonly $isPhantom: typeof ACL.$isPhantom = ACL.$isPhantom

  readonly permissions: ToField<LinkedTable<'address', 'u128'>>

  private constructor(typeArgs: [], fields: ACLFields) {
    this.$fullTypeName = composeSuiType(
      ACL.$typeName,
      ...typeArgs
    ) as `${string}::acl::ACL`
    this.$typeArgs = typeArgs

    this.permissions = fields.permissions
  }

  static reified(): ACLReified {
    const reifiedBcs = ACL.bcs
    return {
      typeName: ACL.$typeName,
      fullTypeName: composeSuiType(
        ACL.$typeName,
        ...[]
      ) as `${string}::acl::ACL`,
      typeArgs: [] as [],
      isPhantom: ACL.$isPhantom,
      reifiedTypeArgs: [],
      fromFields: (fields: Record<string, any>) => ACL.fromFields(fields),
      fromFieldsWithTypes: (item: FieldsWithTypes) => ACL.fromFieldsWithTypes(item),
      fromBcs: (data: Uint8Array) => ACL.fromFields(reifiedBcs.parse(data)),
      bcs: reifiedBcs,
      fromJSONField: (field: any) => ACL.fromJSONField(field),
      fromJSON: (json: Record<string, any>) => ACL.fromJSON(json),
      fromSuiParsedData: (content: SuiParsedData) => ACL.fromSuiParsedData(content),
      fromSuiObjectData: (content: SuiObjectData) => ACL.fromSuiObjectData(content),
      fetch: async (client: SupportedSuiClient, id: string) => ACL.fetch(client, id),
      new: (fields: ACLFields) => {
        return new ACL([], fields)
      },
      kind: 'StructClassReified',
    }
  }

  static get r(): ACLReified {
    return ACL.reified()
  }

  static phantom(): PhantomReified<ToTypeStr<ACL>> {
    return phantom(ACL.reified())
  }

  static get p(): PhantomReified<ToTypeStr<ACL>> {
    return ACL.phantom()
  }

  private static instantiateBcs() {
    return bcs.struct('ACL', {
      permissions: LinkedTable.bcs(bcs.bytes(32).transform({ input: (val: string) => fromHex(val), output: (val: Uint8Array) => toHex(val) })),
    })
  }

  private static cachedBcs: ReturnType<typeof ACL.instantiateBcs> | null = null

  static get bcs(): ReturnType<typeof ACL.instantiateBcs> {
    if (!ACL.cachedBcs) {
      ACL.cachedBcs = ACL.instantiateBcs()
    }
    return ACL.cachedBcs
  }

  static fromFields(fields: Record<string, any>): ACL {
    return ACL.reified().new({
      permissions: decodeFromFields(LinkedTable.reified('address', phantom('u128')), fields.permissions),
    })
  }

  static fromFieldsWithTypes(item: FieldsWithTypes): ACL {
    if (!isACL(item.type)) {
      throw new Error('not a ACL type')
    }

    return ACL.reified().new({
      permissions: decodeFromFieldsWithTypes(LinkedTable.reified('address', phantom('u128')), item.fields.permissions),
    })
  }

  static fromBcs(data: Uint8Array): ACL {
    return ACL.fromFields(ACL.bcs.parse(data))
  }

  toJSONField(): ACLJSONField {
    return {
      permissions: this.permissions.toJSONField(),
    }
  }

  toJSON(): ACLJSON {
    return { $typeName: this.$typeName, $typeArgs: this.$typeArgs, ...this.toJSONField() }
  }

  static fromJSONField(field: any): ACL {
    return ACL.reified().new({
      permissions: decodeFromJSONField(LinkedTable.reified('address', phantom('u128')), field.permissions),
    })
  }

  static fromJSON(json: Record<string, any>): ACL {
    if (json.$typeName !== ACL.$typeName) {
      throw new Error(`not a ACL json object: expected '${ACL.$typeName}' but got '${json.$typeName}'`)
    }

    return ACL.fromJSONField(json)
  }

  static fromSuiParsedData(content: SuiParsedData): ACL {
    if (content.dataType !== 'moveObject') {
      throw new Error('not an object')
    }
    if (!isACL(content.type)) {
      throw new Error(`object at ${(content.fields as any).id} is not a ACL object`)
    }
    return ACL.fromFieldsWithTypes(content)
  }

  static fromSuiObjectData(data: SuiObjectData): ACL {
    if (data.bcs) {
      if (data.bcs.dataType !== 'moveObject' || !isACL(data.bcs.type)) {
        throw new Error(`object at is not a ACL object`)
      }

      return ACL.fromBcs(fromBase64(data.bcs.bcsBytes))
    }
    if (data.content) {
      return ACL.fromSuiParsedData(data.content)
    }
    throw new Error(
      'Both `bcs` and `content` fields are missing from the data. Include `showBcs` or `showContent` in the request.'
    )
  }

  static async fetch(client: SupportedSuiClient, id: string): Promise<ACL> {
    const res = await fetchObjectBcs(client, id)
    if (!isACL(res.type)) {
      throw new Error(`object at id ${id} is not a ACL object`)
    }

    return ACL.fromBcs(res.bcsBytes)
  }
}
