---
source: generator/tests/snapshot_tests.rs
expression: output
---
/* ============================== ID =============================== */

export function isID(type: string): boolean {
  type = compressSuiType(type)
  return type === `0x2::object::ID`
}

export interface IDFields {
  bytes: ToField<'address'>
}

export type IDReified = Reified<ID, IDFields>

export type IDJSONField = {
  bytes: string
}

export type IDJSON = {
  $typeName: typeof ID.$typeName
  $typeArgs: []
} & IDJSONField

export class ID implements StructClass {
  __StructClass = true as const

  static readonly $typeName: `0x2::object::ID` = `0x2::object::ID` as const
  static readonly $numTypeParams = 0
  static readonly $isPhantom = [] as const

  readonly $typeName: typeof ID.$typeName = ID.$typeName
  readonly $fullTypeName: `0x2::object::ID`
  readonly $typeArgs: []
  readonly $isPhantom: typeof ID.$isPhantom = ID.$isPhantom

  readonly bytes: ToField<'address'>

  private constructor(typeArgs: [], fields: IDFields) {
    this.$fullTypeName = composeSuiType(
      ID.$typeName,
      ...typeArgs
    ) as `0x2::object::ID`
    this.$typeArgs = typeArgs

    this.bytes = fields.bytes
  }

  static reified(): IDReified {
    const reifiedBcs = ID.bcs
    return {
      get typeName() { return ID.$typeName },
      get fullTypeName() {
        return composeSuiType(
          ID.$typeName,
          ...[]
        ) as `0x2::object::ID`
      },
      typeArgs: [] as [],
      isPhantom: ID.$isPhantom,
      reifiedTypeArgs: [],
      fromFields: (fields: Record<string, any>) => ID.fromFields(fields),
      fromFieldsWithTypes: (item: FieldsWithTypes) => ID.fromFieldsWithTypes(item),
      fromBcs: (data: Uint8Array) => ID.fromFields(reifiedBcs.parse(data)),
      bcs: reifiedBcs,
      fromJSONField: (field: any) => ID.fromJSONField(field),
      fromJSON: (json: Record<string, any>) => ID.fromJSON(json),
      fromSuiParsedData: (content: SuiParsedData) => ID.fromSuiParsedData(content),
      fromSuiObjectData: (content: SuiObjectData) => ID.fromSuiObjectData(content),
      fetch: async (client: SupportedSuiClient, id: string) => ID.fetch(client, id),
      new: (fields: IDFields) => {
        return new ID([], fields)
      },
      kind: 'StructClassReified',
    }
  }

  static get r(): IDReified {
    return ID.reified()
  }

  static phantom(): PhantomReified<ToTypeStr<ID>> {
    return phantom(ID.reified())
  }

  static get p(): PhantomReified<ToTypeStr<ID>> {
    return ID.phantom()
  }

  private static instantiateBcs() {
    return bcs.struct('ID', {
      bytes: bcs.bytes(32).transform({ input: (val: string) => fromHex(val), output: (val: Uint8Array) => toHex(val) }),
    })
  }

  private static cachedBcs: ReturnType<typeof ID.instantiateBcs> | null = null

  static get bcs(): ReturnType<typeof ID.instantiateBcs> {
    if (!ID.cachedBcs) {
      ID.cachedBcs = ID.instantiateBcs()
    }
    return ID.cachedBcs
  }

  static fromFields(fields: Record<string, any>): ID {
    return ID.reified().new({
      bytes: decodeFromFields('address', fields.bytes),
    })
  }

  static fromFieldsWithTypes(item: FieldsWithTypes): ID {
    if (!isID(item.type)) {
      throw new Error('not a ID type')
    }

    return ID.reified().new({
      bytes: decodeFromFieldsWithTypes('address', item.fields.bytes),
    })
  }

  static fromBcs(data: Uint8Array): ID {
    return ID.fromFields(ID.bcs.parse(data))
  }

  toJSONField(): IDJSONField {
    return {
      bytes: this.bytes,
    }
  }

  toJSON(): IDJSON {
    return { $typeName: this.$typeName, $typeArgs: this.$typeArgs, ...this.toJSONField() }
  }

  static fromJSONField(field: any): ID {
    return ID.reified().new({
      bytes: decodeFromJSONField('address', field.bytes),
    })
  }

  static fromJSON(json: Record<string, any>): ID {
    if (json.$typeName !== ID.$typeName) {
      throw new Error(`not a ID json object: expected '${ID.$typeName}' but got '${json.$typeName}'`)
    }

    return ID.fromJSONField(json)
  }

  static fromSuiParsedData(content: SuiParsedData): ID {
    if (content.dataType !== 'moveObject') {
      throw new Error('not an object')
    }
    if (!isID(content.type)) {
      throw new Error(`object at ${(content.fields as any).id} is not a ID object`)
    }
    return ID.fromFieldsWithTypes(content)
  }

  static fromSuiObjectData(data: SuiObjectData): ID {
    if (data.bcs) {
      if (data.bcs.dataType !== 'moveObject' || !isID(data.bcs.type)) {
        throw new Error(`object at is not a ID object`)
      }

      return ID.fromBcs(fromBase64(data.bcs.bcsBytes))
    }
    if (data.content) {
      return ID.fromSuiParsedData(data.content)
    }
    throw new Error(
      'Both `bcs` and `content` fields are missing from the data. Include `showBcs` or `showContent` in the request.'
    )
  }

  static async fetch(client: SupportedSuiClient, id: string): Promise<ID> {
    const res = await fetchObjectBcs(client, id)
    if (!isID(res.type)) {
      throw new Error(`object at id ${id} is not a ID object`)
    }

    return ID.fromBcs(res.bcsBytes)
  }
}
